Godot Engine v4.6.3.stable.official.7d41c59c4 - https://godotengine.org

harang_idle_1 [P: (19, 15), S: (187, 321)]
harang_idle_2 [P: (28, 13), S: (183, 323)]
harang_idle_3 [P: (19, 15), S: (192, 321)]
harang_attack_0 [P: (15, 12), S: (186, 324)]
harang_attack_1 [P: (5, 17), S: (194, 319)]
harang_attack_2 [P: (8, 52), S: (213, 284)]
harang_attack_3 [P: (16, 15), S: (177, 321)]
harang_hit_0 [P: (10, 34), S: (194, 302)]
harang_hit_1 [P: (15, 16), S: (186, 320)]
harang_death_0 [P: (15, 40), S: (177, 296)]
harang_death_1 [P: (4, 104), S: (195, 232)]
harang_death_2 [P: (5, 139), S: (217, 197)]
harang_death_3 [P: (6, 182), S: (216, 154)]
mina_idle_1 [P: (9, 17), S: (203, 319)]
mina_idle_2 [P: (6, 15), S: (207, 321)]
mina_idle_3 [P: (11, 17), S: (202, 319)]
mina_attack_0 [P: (13, 44), S: (201, 292)]
mina_attack_1 [P: (12, 35), S: (201, 301)]
mina_attack_2 [P: (11, 88), S: (205, 248)]
mina_attack_3 [P: (24, 73), S: (177, 263)]
mina_hit_0 [P: (10, 51), S: (199, 285)]
mina_hit_1 [P: (10, 55), S: (205, 281)]
mina_death_0 [P: (39, 84), S: (135, 252)]
mina_death_1 [P: (33, 127), S: (167, 209)]
mina_death_2 [P: (19, 160), S: (193, 176)]
mina_death_3 [P: (8, 184), S: (214, 152)]
seola_idle_1 [P: (22, 15), S: (176, 321)]
seola_idle_2 [P: (23, 13), S: (173, 323)]
seola_idle_3 [P: (22, 15), S: (174, 321)]
seola_attack_0 [P: (9, 31), S: (195, 305)]
seola_attack_1 [P: (9, 26), S: (209, 310)]
seola_attack_2 [P: (8, 80), S: (213, 256)]
seola_attack_3 [P: (34, 54), S: (162, 282)]
seola_hit_0 [P: (32, 48), S: (173, 288)]
seola_hit_1 [P: (24, 64), S: (179, 272)]
seola_death_0 [P: (29, 80), S: (175, 256)]
seola_death_1 [P: (28, 100), S: (166, 236)]
seola_death_2 [P: (17, 131), S: (181, 205)]
seola_death_3 [P: (4, 224), S: (218, 112)]
taehee_idle_1 [P: (10, 36), S: (207, 300)]
taehee_idle_2 [P: (4, 34), S: (210, 302)]
taehee_idle_3 [P: (7, 36), S: (207, 300)]
taehee_attack_0 [P: (12, 77), S: (210, 259)]
taehee_attack_1 [P: (7, 102), S: (211, 234)]
taehee_attack_2 [P: (13, 94), S: (207, 242)]
taehee_attack_3 [P: (20, 73), S: (186, 263)]
taehee_hit_0 [P: (16, 73), S: (204, 263)]
taehee_hit_1 [P: (12, 52), S: (208, 284)]
taehee_death_0 [P: (20, 76), S: (158, 260)]
taehee_death_1 [P: (13, 119), S: (206, 217)]
taehee_death_2 [P: (11, 163), S: (211, 173)]
taehee_death_3 [P: (9, 198), S: (211, 138)]
arin_idle_1 [P: (24, 15), S: (175, 321)]
arin_idle_2 [P: (13, 13), S: (180, 323)]
arin_idle_3 [P: (22, 15), S: (181, 321)]
arin_attack_0 [P: (27, 43), S: (192, 293)]
arin_attack_1 [P: (14, 44), S: (202, 292)]
arin_attack_2 [P: (21, 49), S: (198, 287)]
arin_attack_3 [P: (33, 62), S: (186, 274)]
arin_hit_0 [P: (15, 61), S: (183, 275)]
arin_hit_1 [P: (35, 64), S: (172, 272)]
arin_death_0 [P: (51, 79), S: (131, 257)]
arin_death_1 [P: (30, 109), S: (185, 227)]
arin_death_2 [P: (6, 180), S: (215, 156)]
arin_death_3 [P: (10, 198), S: (211, 138)]
gangji_idle_1 [P: (13, 17), S: (203, 319)]
gangji_idle_2 [P: (11, 15), S: (201, 321)]
gangji_idle_3 [P: (13, 17), S: (203, 319)]
gangji_attack_0 [P: (20, 17), S: (188, 319)]
gangji_attack_1 [P: (15, 10), S: (191, 326)]
gangji_attack_2 [P: (9, 68), S: (209, 268)]
gangji_attack_3 [P: (17, 79), S: (201, 257)]
gangji_hit_0 [P: (16, 55), S: (180, 281)]
gangji_hit_1 [P: (9, 65), S: (201, 271)]
gangji_death_0 [P: (26, 81), S: (191, 255)]
gangji_death_1 [P: (15, 106), S: (201, 230)]
gangji_death_2 [P: (9, 179), S: (214, 157)]
gangji_death_3 [P: (4, 215), S: (219, 121)]
seoa_idle_1 [P: (37, 14), S: (173, 298)]
seoa_idle_2 [P: (36, 12), S: (175, 300)]
seoa_idle_3 [P: (37, 14), S: (175, 298)]
seoa_attack_0 [P: (3, 68), S: (236, 244)]
seoa_attack_1 [P: (9, 11), S: (227, 301)]
seoa_attack_2 [P: (2, 93), S: (244, 219)]
seoa_attack_3 [P: (4, 74), S: (237, 238)]
seoa_hit_0 [P: (22, 31), S: (207, 281)]
seoa_hit_1 [P: (20, 67), S: (187, 245)]
seoa_death_0 [P: (23, 92), S: (188, 220)]
seoa_death_1 [P: (25, 101), S: (183, 211)]
seoa_death_2 [P: (6, 130), S: (225, 182)]
seoa_death_3 [P: (2, 188), S: (230, 124)]
velociraptor_beastfolk_idle_1 [P: (4, 49), S: (236, 263)]
velociraptor_beastfolk_idle_2 [P: (2, 47), S: (233, 265)]
velociraptor_beastfolk_idle_3 [P: (0, 49), S: (239, 263)]
velociraptor_beastfolk_attack_0 [P: (7, 82), S: (237, 230)]
velociraptor_beastfolk_attack_1 [P: (12, 64), S: (232, 248)]
velociraptor_beastfolk_attack_2 [P: (3, 78), S: (242, 234)]
velociraptor_beastfolk_attack_3 [P: (5, 79), S: (237, 233)]
velociraptor_beastfolk_hit_0 [P: (33, 55), S: (207, 257)]
velociraptor_beastfolk_hit_1 [P: (10, 64), S: (231, 248)]
velociraptor_beastfolk_death_0 [P: (23, 74), S: (215, 238)]
velociraptor_beastfolk_death_1 [P: (10, 124), S: (234, 188)]
velociraptor_beastfolk_death_2 [P: (6, 162), S: (239, 150)]
velociraptor_beastfolk_death_3 [P: (8, 188), S: (234, 124)]
velociraptor_beastfolk_2_idle_1 [P: (55, 14), S: (132, 298)]
velociraptor_beastfolk_2_idle_2 [P: (59, 12), S: (128, 300)]
velociraptor_beastfolk_2_idle_3 [P: (58, 14), S: (129, 298)]
velociraptor_beastfolk_2_attack_0 [P: (48, 35), S: (165, 277)]
velociraptor_beastfolk_2_attack_1 [P: (47, 22), S: (165, 290)]
velociraptor_beastfolk_2_attack_2 [P: (20, 39), S: (198, 273)]
velociraptor_beastfolk_2_attack_3 [P: (61, 36), S: (133, 276)]
velociraptor_beastfolk_2_hit_0 [P: (49, 36), S: (169, 276)]
velociraptor_beastfolk_2_hit_1 [P: (62, 33), S: (130, 279)]
velociraptor_beastfolk_2_death_0 [P: (49, 53), S: (139, 259)]
velociraptor_beastfolk_2_death_1 [P: (42, 98), S: (165, 214)]
velociraptor_beastfolk_2_death_2 [P: (19, 140), S: (205, 172)]
velociraptor_beastfolk_2_death_3 [P: (18, 177), S: (208, 135)]
mammoth_beastfolk_idle_1 [P: (14, 32), S: (223, 280)]
mammoth_beastfolk_idle_2 [P: (11, 30), S: (222, 282)]
mammoth_beastfolk_idle_3 [P: (5, 32), S: (233, 280)]
mammoth_beastfolk_attack_0 [P: (37, 8), S: (203, 304)]
mammoth_beastfolk_attack_1 [P: (17, 16), S: (221, 296)]
mammoth_beastfolk_attack_2 [P: (5, 48), S: (238, 264)]
mammoth_beastfolk_attack_3 [P: (34, 16), S: (209, 296)]
mammoth_beastfolk_hit_0 [P: (19, 60), S: (218, 252)]
mammoth_beastfolk_hit_1 [P: (21, 52), S: (209, 260)]
mammoth_beastfolk_death_0 [P: (35, 85), S: (191, 227)]
mammoth_beastfolk_death_1 [P: (11, 101), S: (219, 211)]
mammoth_beastfolk_death_2 [P: (5, 146), S: (236, 166)]
mammoth_beastfolk_death_3 [P: (2, 166), S: (241, 146)]
mammoth_boss_idle_1 [P: (6, 29), S: (234, 283)]
mammoth_boss_idle_2 [P: (5, 27), S: (231, 285)]
mammoth_boss_idle_3 [P: (12, 29), S: (222, 283)]
mammoth_boss_attack_0 [P: (31, 48), S: (215, 264)]
mammoth_boss_attack_1 [P: (11, 6), S: (223, 306)]
mammoth_boss_attack_2 [P: (2, 72), S: (244, 240)]
mammoth_boss_attack_3 [P: (4, 61), S: (242, 251)]
mammoth_boss_hit_0 [P: (27, 58), S: (205, 254)]
mammoth_boss_hit_1 [P: (7, 40), S: (238, 272)]
mammoth_boss_death_0 [P: (48, 79), S: (169, 233)]
mammoth_boss_death_1 [P: (6, 100), S: (234, 212)]
mammoth_boss_death_2 [P: (5, 130), S: (241, 182)]
mammoth_boss_death_3 [P: (6, 165), S: (236, 147)]
pterosaur_queen_idle_1 [P: (9, 35), S: (233, 277)]
pterosaur_queen_idle_2 [P: (3, 33), S: (239, 279)]
pterosaur_queen_idle_3 [P: (9, 35), S: (233, 277)]
pterosaur_queen_attack_0 [P: (9, 45), S: (235, 267)]
pterosaur_queen_attack_1 [P: (2, 10), S: (244, 302)]
pterosaur_queen_attack_2 [P: (0, 30), S: (246, 282)]
pterosaur_queen_attack_3 [P: (7, 56), S: (238, 256)]
pterosaur_queen_hit_0 [P: (3, 46), S: (242, 266)]
pterosaur_queen_hit_1 [P: (5, 65), S: (239, 247)]
pterosaur_queen_death_0 [P: (47, 92), S: (170, 220)]
pterosaur_queen_death_1 [P: (8, 106), S: (237, 206)]
pterosaur_queen_death_2 [P: (3, 118), S: (242, 194)]
pterosaur_queen_death_3 [P: (8, 146), S: (235, 166)]
